[1/100] N_t outer0 inner1_q: best=101, trees=101
[2/100] N_t outer0 inner1_m: best=140, trees=140
[3/100] N_t outer0 inner2_q: best=123, trees=123
[4/100] N_t outer0 inner2_m: best=69, trees=69
[5/100] N_t outer0 inner3_q: best=100, trees=100
[6/100] N_t outer0 inner3_m: best=237, trees=237
[7/100] N_t outer0 inner4_q: best=105, trees=105
[8/100] N_t outer0 inner4_m: best=169, trees=169
[9/100] N_t outer0 refit_q: best=None, trees=107
[10/100] N_t outer0 refit_m: best=None, trees=153
[11/100] N_t outer1 inner0_q: best=89, trees=89
[12/100] N_t outer1 inner0_m: best=23, trees=23
[13/100] N_t outer1 inner2_q: best=115, trees=115
[14/100] N_t outer1 inner2_m: best=177, trees=177
[15/100] N_t outer1 inner3_q: best=82, trees=82
[16/100] N_t outer1 inner3_m: best=165, trees=165
[17/100] N_t outer1 inner4_q: best=180, trees=180
[18/100] N_t outer1 inner4_m: best=157, trees=157
[19/100] N_t outer1 refit_q: best=None, trees=116
[20/100] N_t outer1 refit_m: best=None, trees=130
[21/100] N_t outer2 inner0_q: best=97, trees=97
[22/100] N_t outer2 inner0_m: best=17, trees=17
[23/100] N_t outer2 inner1_q: best=81, trees=81
[24/100] N_t outer2 inner1_m: best=225, trees=225
[25/100] N_t outer2 inner3_q: best=103, trees=103
[26/100] N_t outer2 inner3_m: best=695, trees=695
[27/100] N_t outer2 inner4_q: best=152, trees=152
[28/100] N_t outer2 inner4_m: best=248, trees=248
[29/100] N_t outer2 refit_q: best=None, trees=108
[30/100] N_t outer2 refit_m: best=None, trees=296
[31/100] N_t outer3 inner0_q: best=76, trees=76
[32/100] N_t outer3 inner0_m: best=24, trees=24
[33/100] N_t outer3 inner1_q: best=156, trees=156
[34/100] N_t outer3 inner1_m: best=128, trees=128
[35/100] N_t outer3 inner2_q: best=153, trees=153
[36/100] N_t outer3 inner2_m: best=512, trees=512
[37/100] N_t outer3 inner4_q: best=180, trees=180
[38/100] N_t outer3 inner4_m: best=346, trees=346
[39/100] N_t outer3 refit_q: best=None, trees=141
[40/100] N_t outer3 refit_m: best=None, trees=252
[41/100] N_t outer4 inner0_q: best=78, trees=78
[42/100] N_t outer4 inner0_m: best=29, trees=29
[43/100] N_t outer4 inner1_q: best=104, trees=104
[44/100] N_t outer4 inner1_m: best=104, trees=104
[45/100] N_t outer4 inner2_q: best=140, trees=140
[46/100] N_t outer4 inner2_m: best=65, trees=65
[47/100] N_t outer4 inner3_q: best=89, trees=89
[48/100] N_t outer4 inner3_m: best=82, trees=82
[49/100] N_t outer4 refit_q: best=None, trees=102
[50/100] N_t outer4 refit_m: best=None, trees=70
[51/100] R_t outer0 inner1_q: best=134, trees=134
[52/100] R_t outer0 inner1_m: best=265, trees=265
[53/100] R_t outer0 inner2_q: best=146, trees=146
[54/100] R_t outer0 inner2_m: best=23, trees=23
[55/100] R_t outer0 inner3_q: best=100, trees=100
[56/100] R_t outer0 inner3_m: best=146, trees=146
[57/100] R_t outer0 inner4_q: best=169, trees=169
[58/100] R_t outer0 inner4_m: best=208, trees=208
[59/100] R_t outer0 refit_q: best=None, trees=137
[60/100] R_t outer0 refit_m: best=None, trees=160
[61/100] R_t outer1 inner0_q: best=157, trees=157
[62/100] R_t outer1 inner0_m: best=45, trees=45
[63/100] R_t outer1 inner2_q: best=175, trees=175
[64/100] R_t outer1 inner2_m: best=210, trees=210
[65/100] R_t outer1 inner3_q: best=110, trees=110
[66/100] R_t outer1 inner3_m: best=56, trees=56
[67/100] R_t outer1 inner4_q: best=142, trees=142
[68/100] R_t outer1 inner4_m: best=183, trees=183
[69/100] R_t outer1 refit_q: best=None, trees=146
[70/100] R_t outer1 refit_m: best=None, trees=123
[71/100] R_t outer2 inner0_q: best=128, trees=128
[72/100] R_t outer2 inner0_m: best=23, trees=23
[73/100] R_t outer2 inner1_q: best=167, trees=167
[74/100] R_t outer2 inner1_m: best=230, trees=230
[75/100] R_t outer2 inner3_q: best=83, trees=83
[76/100] R_t outer2 inner3_m: best=202, trees=202
[77/100] R_t outer2 inner4_q: best=215, trees=215
[78/100] R_t outer2 inner4_m: best=133, trees=133
[79/100] R_t outer2 refit_q: best=None, trees=148
[80/100] R_t outer2 refit_m: best=None, trees=147
[81/100] R_t outer3 inner0_q: best=183, trees=183
[82/100] R_t outer3 inner0_m: best=35, trees=35
[83/100] R_t outer3 inner1_q: best=157, trees=157
[84/100] R_t outer3 inner1_m: best=134, trees=134
[85/100] R_t outer3 inner2_q: best=115, trees=115
[86/100] R_t outer3 inner2_m: best=119, trees=119
[87/100] R_t outer3 inner4_q: best=139, trees=139
[88/100] R_t outer3 inner4_m: best=150, trees=150
[89/100] R_t outer3 refit_q: best=None, trees=148
[90/100] R_t outer3 refit_m: best=None, trees=109
[91/100] R_t outer4 inner0_q: best=172, trees=172
[92/100] R_t outer4 inner0_m: best=41, trees=41
[93/100] R_t outer4 inner1_q: best=224, trees=224
[94/100] R_t outer4 inner1_m: best=145, trees=145
[95/100] R_t outer4 inner2_q: best=237, trees=237
[96/100] R_t outer4 inner2_m: best=127, trees=127
[97/100] R_t outer4 inner3_q: best=160, trees=160
[98/100] R_t outer4 inner3_m: best=535, trees=535
[99/100] R_t outer4 refit_q: best=None, trees=198
[100/100] R_t outer4 refit_m: best=None, trees=212
All 100 fits complete
