[001/50] F2 outer0 a inner1: best=44
[002/50] F2 outer0 a inner2: best=105
[003/50] F2 outer0 a inner3: best=334
[004/50] F2 outer0 a inner4: best=148
[005/50] F2 outer0 a: refit=157, trees=157
[006/50] F2 outer0 b inner1: best=104
[007/50] F2 outer0 b inner2: best=549
[008/50] F2 outer0 b inner3: best=345
[009/50] F2 outer0 b inner4: best=246
[010/50] F2 outer0 b: refit=311, trees=311
[011/50] F2 outer1 a inner0: best=45
[012/50] F2 outer1 a inner2: best=441
[013/50] F2 outer1 a inner3: best=67
[014/50] F2 outer1 a inner4: best=129
[015/50] F2 outer1 a: refit=170, trees=170
[016/50] F2 outer1 b inner0: best=449
[017/50] F2 outer1 b inner2: best=660
[018/50] F2 outer1 b inner3: best=534
[019/50] F2 outer1 b inner4: best=13
[020/50] F2 outer1 b: refit=414, trees=414
[021/50] F2 outer2 a inner0: best=43
[022/50] F2 outer2 a inner1: best=37
[023/50] F2 outer2 a inner3: best=55
[024/50] F2 outer2 a inner4: best=116
[025/50] F2 outer2 a: refit=62, trees=62
[026/50] F2 outer2 b inner0: best=187
[027/50] F2 outer2 b inner1: best=22
[028/50] F2 outer2 b inner3: best=546
[029/50] F2 outer2 b inner4: best=715
[030/50] F2 outer2 b: refit=367, trees=367
[031/50] F2 outer3 a inner0: best=48
[032/50] F2 outer3 a inner1: best=40
[033/50] F2 outer3 a inner2: best=384
[034/50] F2 outer3 a inner4: best=116
[035/50] F2 outer3 a: refit=147, trees=147
[036/50] F2 outer3 b inner0: best=276
[037/50] F2 outer3 b inner1: best=36
[038/50] F2 outer3 b inner2: best=744
[039/50] F2 outer3 b inner4: best=2
[040/50] F2 outer3 b: refit=264, trees=264
[041/50] F2 outer4 a inner0: best=68
[042/50] F2 outer4 a inner1: best=55
[043/50] F2 outer4 a inner2: best=233
[044/50] F2 outer4 a inner3: best=71
[045/50] F2 outer4 a: refit=106, trees=106
[046/50] F2 outer4 b inner0: best=310
[047/50] F2 outer4 b inner1: best=23
[048/50] F2 outer4 b inner2: best=600
[049/50] F2 outer4 b inner3: best=506
[050/50] F2 outer4 b: refit=359, trees=359
All 50 F2 fits complete; launching independent feature/model verification.
{
  "status": "PASS",
  "identity_hash": "a3f16d3463442c01b1e1315df498317eed53298a1f89ef087b016ab8bd0c9532",
  "split_seed": 20260918,
  "verified_at_utc": "2026-09-19T02:27:48.537350+00:00",
  "verifier_sha256": "e8fe5432a697a0a7e81a1970beb702aeb2b928bec658168237b8dbf9eb66bc55",
  "new_outer_models": 10,
  "inner_probes": 40,
  "formal_fits": 50,
  "independently_rebuilt_features_used_for_model_predictions": true,
  "feature_verification": {
    "status": "PASS",
    "independent_scalar_neighbors": true,
    "independent_neighbor_aggregates": true,
    "raw_history_and_weather_reconstruction": true,
    "history_cutoff": 71,
    "nodes": 302,
    "edges": 2416,
    "lineage_rows": 347904,
    "feature_counts": {
      "F1": 170,
      "F2": 183
    },
    "feature_tolerance": 1e-10,
    "augmented_features_bitwise_exact": true,
    "aggregation_reduction": "float64 addition in fixed neighbor rank order"
  },
  "scoped_labels_weights_rounds_and_receipts": "PASS",
  "P_reconstruction_and_all_controls": "PASS",
  "all_metrics_and_bootstrap_recomputed": "PASS",
  "long_horizon_and_other_component_invariants": "PASS",
  "reference_and_feature_identities": "PASS",
  "prediction_metric_absolute_tolerance": 1e-12,
  "training_performed_by_verifier": false,
  "core_verifier_sha256": "e1075a15763b74f1b8110cc340d2d4f8762d9540449f82aae658c6957f6b1a0a",
  "audit_identity": {
    "training_identity_hash": "a3f16d3463442c01b1e1315df498317eed53298a1f89ef087b016ab8bd0c9532",
    "adapter_sha256": "e8fe5432a697a0a7e81a1970beb702aeb2b928bec658168237b8dbf9eb66bc55",
    "core_verifier_sha256": "e1075a15763b74f1b8110cc340d2d4f8762d9540449f82aae658c6957f6b1a0a",
    "original_feature_verifier_sha256": "d8f7ba02f5a1b68d1668bb0ad27665d824a77a9cd2714df9a9401ce4c26bc225",
    "reason": "Only independent summation order corrected; all reconstructed predictors now bitwise exact.",
    "model_or_saved_prediction_changes": false,
    "tolerance_relaxed": false,
    "additional_fits": 0
  },
  "audit_identity_hash": "5d4f1e464f28c2c6e2deb3efc19d1621da4442256ae60c91c3a6af58226d6945"
}
