comparison         horizon    model     n  baseline_rmse  baseline_mae  baseline_sse  baseline_bias  candidate_rmse  candidate_mae  candidate_sse  candidate_bias  rmse_delta  rmse_change_pct  sse_reduction  changed_predictions
 G_minus_B osi_target_t01h v18_rule 34177       0.011426      0.003462      4.462131      -0.000082        0.011305       0.003450       4.367883       -0.000076   -0.000121        -1.061724       0.094248                  618
 G_minus_B osi_target_t06h v18_rule 32982       0.010010      0.003246      3.305127      -0.000056        0.010010       0.003246       3.305127       -0.000056    0.000000         0.000000       0.000000                    0
 G_minus_B osi_target_t24h v18_rule 28680       0.008095      0.002818      1.879353      -0.000018        0.008095       0.002818       1.879353       -0.000018    0.000000         0.000000       0.000000                    0
 G_minus_B osi_target_t48h v18_rule 22944       0.007386      0.002282      1.251677       0.000009        0.007386       0.002282       1.251677        0.000009    0.000000         0.000000       0.000000                    0
{
  "status": "PASS",
  "split_seed": 20260918,
  "identity_hash": "32ee305e40776f081fd8a8c79ad84e5c2d3cf551b25c4d31decfad475bc09946",
  "verified_at_utc": "2026-09-18T06:28:29.710353+00:00",
  "verifier_sha256": "47912106c12067bd7f2191977d2ba86fe3b9e4a40aeed31db7a212f71b3e03cf",
  "absolute_tolerance": 1e-12,
  "independent_K_and_gate_reconstruction": true,
  "independent_G_controls_and_D_alignment": true,
  "all_metrics_and_bootstrap_recomputed": true,
  "all_6_24_48h_controls_exactly_equal_A_B": true,
  "off_gate_G_exactly_equal_A_B": true,
  "eligible_gate_uses_no_labels_or_future_P": true,
  "source_lineage_and_hashes": "PASS",
  "training_performed": false
}
