comparison         horizon    model     n  baseline_rmse  baseline_mae  baseline_sse  baseline_bias  candidate_rmse  candidate_mae  candidate_sse  candidate_bias  rmse_delta  rmse_change_pct  sse_reduction  changed_predictions
 G_minus_B osi_target_t01h v18_rule 34177       0.011755      0.003491      4.722691      -0.000110        0.011629       0.003475       4.621733       -0.000102   -0.000126        -1.074645       0.100959                  607
 G_minus_B osi_target_t06h v18_rule 32982       0.010428      0.003289      3.586232      -0.000085        0.010428       0.003289       3.586232       -0.000085    0.000000         0.000000       0.000000                    0
 G_minus_B osi_target_t24h v18_rule 28680       0.008493      0.002814      2.068573      -0.000083        0.008493       0.002814       2.068573       -0.000083    0.000000         0.000000       0.000000                    0
 G_minus_B osi_target_t48h v18_rule 22944       0.007691      0.002235      1.357243      -0.000157        0.007691       0.002235       1.357243       -0.000157    0.000000         0.000000       0.000000                    0
{
  "status": "PASS",
  "split_seed": 42,
  "identity_hash": "89c9a1d3998d0cfa1dbab3bfa7b473c251915f5828e4963fbe8602c778d14587",
  "verified_at_utc": "2026-09-18T06:28:25.277294+00:00",
  "verifier_sha256": "47912106c12067bd7f2191977d2ba86fe3b9e4a40aeed31db7a212f71b3e03cf",
  "absolute_tolerance": 1e-12,
  "independent_K_and_gate_reconstruction": true,
  "independent_G_controls_and_D_alignment": true,
  "all_metrics_and_bootstrap_recomputed": true,
  "all_6_24_48h_controls_exactly_equal_A_B": true,
  "off_gate_G_exactly_equal_A_B": true,
  "eligible_gate_uses_no_labels_or_future_P": true,
  "source_lineage_and_hashes": "PASS",
  "training_performed": false
}
