P_anchor_a_t06h outer0 inner1: best=49, contribution_rmse=0.00902211
P_anchor_a_t06h outer0 inner2: best=77, contribution_rmse=0.01087500
P_anchor_a_t06h outer0 inner3: best=135, contribution_rmse=0.00883523
P_anchor_a_t06h outer0 inner4: best=151, contribution_rmse=0.00909363
P_anchor_a_t06h outer0: refit=103, trees=103, seconds=9.9
P_excess_b_t06h outer0 inner1: best=139, contribution_rmse=0.00806537
P_excess_b_t06h outer0 inner2: best=183, contribution_rmse=0.01841493
P_excess_b_t06h outer0 inner3: best=212, contribution_rmse=0.01478620
P_excess_b_t06h outer0 inner4: best=5, contribution_rmse=0.00742979
P_excess_b_t06h outer0: refit=134, trees=134, seconds=13.3
P_anchor_a_t06h outer1 inner0: best=60, contribution_rmse=0.00677068
P_anchor_a_t06h outer1 inner2: best=114, contribution_rmse=0.00931247
P_anchor_a_t06h outer1 inner3: best=78, contribution_rmse=0.00999814
P_anchor_a_t06h outer1 inner4: best=125, contribution_rmse=0.00877312
P_anchor_a_t06h outer1: refit=94, trees=94, seconds=9.4
P_excess_b_t06h outer1 inner0: best=123, contribution_rmse=0.01093028
P_excess_b_t06h outer1 inner2: best=377, contribution_rmse=0.01877649
P_excess_b_t06h outer1 inner3: best=347, contribution_rmse=0.01146261
P_excess_b_t06h outer1 inner4: best=8, contribution_rmse=0.00742063
P_excess_b_t06h outer1: refit=213, trees=213, seconds=16.4
P_anchor_a_t06h outer2 inner0: best=56, contribution_rmse=0.00729955
P_anchor_a_t06h outer2 inner1: best=34, contribution_rmse=0.00770907
P_anchor_a_t06h outer2 inner3: best=62, contribution_rmse=0.00956137
P_anchor_a_t06h outer2 inner4: best=114, contribution_rmse=0.01171563
P_anchor_a_t06h outer2: refit=66, trees=66, seconds=7.6
P_excess_b_t06h outer2 inner0: best=134, contribution_rmse=0.01067757
P_excess_b_t06h outer2 inner1: best=2, contribution_rmse=0.00925677
P_excess_b_t06h outer2 inner3: best=370, contribution_rmse=0.01095440
P_excess_b_t06h outer2 inner4: best=179, contribution_rmse=0.00709269
P_excess_b_t06h outer2: refit=171, trees=171, seconds=15.0
P_anchor_a_t06h outer3 inner0: best=105, contribution_rmse=0.00681239
P_anchor_a_t06h outer3 inner1: best=25, contribution_rmse=0.00926595
P_anchor_a_t06h outer3 inner2: best=90, contribution_rmse=0.01074381
P_anchor_a_t06h outer3 inner4: best=318, contribution_rmse=0.00944843
P_anchor_a_t06h outer3: refit=134, trees=134, seconds=11.1
P_excess_b_t06h outer3 inner0: best=344, contribution_rmse=0.01321354
P_excess_b_t06h outer3 inner1: best=168, contribution_rmse=0.00870762
P_excess_b_t06h outer3 inner2: best=749, contribution_rmse=0.01835332
P_excess_b_t06h outer3 inner4: best=1, contribution_rmse=0.00749679
P_excess_b_t06h outer3: refit=315, trees=315, seconds=22.0
P_anchor_a_t06h outer4 inner0: best=151, contribution_rmse=0.00708897
P_anchor_a_t06h outer4 inner1: best=53, contribution_rmse=0.00765430
P_anchor_a_t06h outer4 inner2: best=154, contribution_rmse=0.01343627
P_anchor_a_t06h outer4 inner3: best=68, contribution_rmse=0.00855366
P_anchor_a_t06h outer4: refit=106, trees=106, seconds=10.0
P_excess_b_t06h outer4 inner0: best=262, contribution_rmse=0.01054400
P_excess_b_t06h outer4 inner1: best=161, contribution_rmse=0.00843992
P_excess_b_t06h outer4 inner2: best=239, contribution_rmse=0.01851246
P_excess_b_t06h outer4 inner3: best=477, contribution_rmse=0.01147121
P_excess_b_t06h outer4: refit=284, trees=284, seconds=20.5
All 50 fits completed; 10 outer models and one P6 reconstruction saved
