P_anchor_a_t06h outer0 inner1: best=67, contribution_rmse=0.00846686
P_anchor_a_t06h outer0 inner2: best=98, contribution_rmse=0.01042878
P_anchor_a_t06h outer0 inner3: best=118, contribution_rmse=0.00973123
P_anchor_a_t06h outer0 inner4: best=49, contribution_rmse=0.00818190
P_anchor_a_t06h outer0: refit=83, trees=83, seconds=7.7
P_excess_b_t06h outer0 inner1: best=229, contribution_rmse=0.01040472
P_excess_b_t06h outer0 inner2: best=560, contribution_rmse=0.01889547
P_excess_b_t06h outer0 inner3: best=10, contribution_rmse=0.01471957
P_excess_b_t06h outer0 inner4: best=345, contribution_rmse=0.01131799
P_excess_b_t06h outer0: refit=286, trees=286, seconds=18.3
P_anchor_a_t06h outer1 inner0: best=110, contribution_rmse=0.00963095
P_anchor_a_t06h outer1 inner2: best=130, contribution_rmse=0.00886781
P_anchor_a_t06h outer1 inner3: best=75, contribution_rmse=0.00871407
P_anchor_a_t06h outer1 inner4: best=26, contribution_rmse=0.00853453
P_anchor_a_t06h outer1: refit=85, trees=85, seconds=7.7
P_excess_b_t06h outer1 inner0: best=155, contribution_rmse=0.00532244
P_excess_b_t06h outer1 inner2: best=394, contribution_rmse=0.01892676
P_excess_b_t06h outer1 inner3: best=7, contribution_rmse=0.01470050
P_excess_b_t06h outer1 inner4: best=215, contribution_rmse=0.01106563
P_excess_b_t06h outer1: refit=192, trees=192, seconds=14.1
P_anchor_a_t06h outer2 inner0: best=108, contribution_rmse=0.01103340
P_anchor_a_t06h outer2 inner1: best=57, contribution_rmse=0.00771400
P_anchor_a_t06h outer2 inner3: best=206, contribution_rmse=0.01001280
P_anchor_a_t06h outer2 inner4: best=24, contribution_rmse=0.00763067
P_anchor_a_t06h outer2: refit=98, trees=98, seconds=8.3
P_excess_b_t06h outer2 inner0: best=88, contribution_rmse=0.00605266
P_excess_b_t06h outer2 inner1: best=173, contribution_rmse=0.01051626
P_excess_b_t06h outer2 inner3: best=13, contribution_rmse=0.01466714
P_excess_b_t06h outer2 inner4: best=278, contribution_rmse=0.01163336
P_excess_b_t06h outer2: refit=138, trees=138, seconds=11.4
P_anchor_a_t06h outer3 inner0: best=136, contribution_rmse=0.01026412
P_anchor_a_t06h outer3 inner1: best=63, contribution_rmse=0.00938378
P_anchor_a_t06h outer3 inner2: best=248, contribution_rmse=0.00923220
P_anchor_a_t06h outer3 inner4: best=23, contribution_rmse=0.00908875
P_anchor_a_t06h outer3: refit=117, trees=117, seconds=9.2
P_excess_b_t06h outer3 inner0: best=132, contribution_rmse=0.00517833
P_excess_b_t06h outer3 inner1: best=88, contribution_rmse=0.01087194
P_excess_b_t06h outer3 inner2: best=815, contribution_rmse=0.01780084
P_excess_b_t06h outer3 inner4: best=466, contribution_rmse=0.01092008
P_excess_b_t06h outer3: refit=375, trees=375, seconds=22.6
P_anchor_a_t06h outer4 inner0: best=180, contribution_rmse=0.00839615
P_anchor_a_t06h outer4 inner1: best=47, contribution_rmse=0.00818222
P_anchor_a_t06h outer4 inner2: best=106, contribution_rmse=0.00857154
P_anchor_a_t06h outer4 inner3: best=45, contribution_rmse=0.00849743
P_anchor_a_t06h outer4: refit=94, trees=94, seconds=8.5
P_excess_b_t06h outer4 inner0: best=207, contribution_rmse=0.00608757
P_excess_b_t06h outer4 inner1: best=310, contribution_rmse=0.01073339
P_excess_b_t06h outer4 inner2: best=492, contribution_rmse=0.02025367
P_excess_b_t06h outer4 inner3: best=33, contribution_rmse=0.01457553
P_excess_b_t06h outer4: refit=260, trees=260, seconds=17.4
P_anchor_a_t24h outer0 inner1: best=27, contribution_rmse=0.00612718
P_anchor_a_t24h outer0 inner2: best=448, contribution_rmse=0.00898382
P_anchor_a_t24h outer0 inner3: best=91, contribution_rmse=0.00796762
P_anchor_a_t24h outer0 inner4: best=16, contribution_rmse=0.00525623
P_anchor_a_t24h outer0: refit=145, trees=145, seconds=9.1
P_excess_b_t24h outer0 inner1: best=206, contribution_rmse=0.01092310
P_excess_b_t24h outer0 inner2: best=600, contribution_rmse=0.02016815
P_excess_b_t24h outer0 inner3: best=7, contribution_rmse=0.00575317
P_excess_b_t24h outer0 inner4: best=394, contribution_rmse=0.01240757
P_excess_b_t24h outer0: refit=301, trees=301, seconds=17.3
P_anchor_a_t24h outer1 inner0: best=71, contribution_rmse=0.00664272
P_anchor_a_t24h outer1 inner2: best=116, contribution_rmse=0.00812691
P_anchor_a_t24h outer1 inner3: best=192, contribution_rmse=0.00706809
P_anchor_a_t24h outer1 inner4: best=17, contribution_rmse=0.00531591
P_anchor_a_t24h outer1: refit=99, trees=99, seconds=7.4
P_excess_b_t24h outer1 inner0: best=259, contribution_rmse=0.00568000
P_excess_b_t24h outer1 inner2: best=467, contribution_rmse=0.01872904
P_excess_b_t24h outer1 inner3: best=8, contribution_rmse=0.00571898
P_excess_b_t24h outer1 inner4: best=226, contribution_rmse=0.01234250
P_excess_b_t24h outer1: refit=240, trees=240, seconds=14.6
P_anchor_a_t24h outer2 inner0: best=120, contribution_rmse=0.00758410
P_anchor_a_t24h outer2 inner1: best=32, contribution_rmse=0.00552719
P_anchor_a_t24h outer2 inner3: best=789, contribution_rmse=0.00888673
P_anchor_a_t24h outer2 inner4: best=20, contribution_rmse=0.00497815
P_anchor_a_t24h outer2: refit=240, trees=240, seconds=12.1
P_excess_b_t24h outer2 inner0: best=85, contribution_rmse=0.00578939
P_excess_b_t24h outer2 inner1: best=220, contribution_rmse=0.01111930
P_excess_b_t24h outer2 inner3: best=4, contribution_rmse=0.00581869
P_excess_b_t24h outer2 inner4: best=439, contribution_rmse=0.01225025
P_excess_b_t24h outer2: refit=187, trees=187, seconds=11.8
P_anchor_a_t24h outer3 inner0: best=60, contribution_rmse=0.00771356
P_anchor_a_t24h outer3 inner1: best=50, contribution_rmse=0.00569810
P_anchor_a_t24h outer3 inner2: best=259, contribution_rmse=0.00828115
P_anchor_a_t24h outer3 inner4: best=10, contribution_rmse=0.00643932
P_anchor_a_t24h outer3: refit=94, trees=94, seconds=7.3
P_excess_b_t24h outer3 inner0: best=90, contribution_rmse=0.00598560
P_excess_b_t24h outer3 inner1: best=32, contribution_rmse=0.01125843
P_excess_b_t24h outer3 inner2: best=615, contribution_rmse=0.01959183
P_excess_b_t24h outer3 inner4: best=388, contribution_rmse=0.01205158
P_excess_b_t24h outer3: refit=281, trees=281, seconds=16.1
P_anchor_a_t24h outer4 inner0: best=67, contribution_rmse=0.00574593
P_anchor_a_t24h outer4 inner1: best=19, contribution_rmse=0.00638466
P_anchor_a_t24h outer4 inner2: best=229, contribution_rmse=0.00729481
P_anchor_a_t24h outer4 inner3: best=35, contribution_rmse=0.00731435
P_anchor_a_t24h outer4: refit=87, trees=87, seconds=7.3
P_excess_b_t24h outer4 inner0: best=299, contribution_rmse=0.00629809
P_excess_b_t24h outer4 inner1: best=179, contribution_rmse=0.01114065
P_excess_b_t24h outer4 inner2: best=846, contribution_rmse=0.02136262
P_excess_b_t24h outer4 inner3: best=7, contribution_rmse=0.00584330
P_excess_b_t24h outer4: refit=332, trees=332, seconds=18.0
P_anchor_a_t48h outer0 inner1: best=27, contribution_rmse=0.00490869
P_anchor_a_t48h outer0 inner2: best=16, contribution_rmse=0.00656708
P_anchor_a_t48h outer0 inner3: best=30, contribution_rmse=0.00510616
P_anchor_a_t48h outer0 inner4: best=23, contribution_rmse=0.00293716
P_anchor_a_t48h outer0: refit=24, trees=24, seconds=4.0
P_excess_b_t48h outer0 inner1: best=86, contribution_rmse=0.00688657
P_excess_b_t48h outer0 inner2: best=579, contribution_rmse=0.02142625
P_excess_b_t48h outer0 inner3: best=7, contribution_rmse=0.00559593
P_excess_b_t48h outer0 inner4: best=97, contribution_rmse=0.01118267
P_excess_b_t48h outer0: refit=192, trees=192, seconds=10.1
P_anchor_a_t48h outer1 inner0: best=55, contribution_rmse=0.00389643
P_anchor_a_t48h outer1 inner2: best=14, contribution_rmse=0.00596022
P_anchor_a_t48h outer1 inner3: best=1188, contribution_rmse=0.00504903
P_anchor_a_t48h outer1 inner4: best=48, contribution_rmse=0.00240696
P_anchor_a_t48h outer1: refit=326, trees=326, seconds=12.0
P_excess_b_t48h outer1 inner0: best=178, contribution_rmse=0.00601710
P_excess_b_t48h outer1 inner2: best=589, contribution_rmse=0.02031253
P_excess_b_t48h outer1 inner3: best=19, contribution_rmse=0.00539332
P_excess_b_t48h outer1 inner4: best=234, contribution_rmse=0.01149463
P_excess_b_t48h outer1: refit=255, trees=255, seconds=12.5
P_anchor_a_t48h outer2 inner0: best=29, contribution_rmse=0.00430899
P_anchor_a_t48h outer2 inner1: best=23, contribution_rmse=0.00495331
P_anchor_a_t48h outer2 inner3: best=409, contribution_rmse=0.00494190
P_anchor_a_t48h outer2 inner4: best=44, contribution_rmse=0.00261269
P_anchor_a_t48h outer2: refit=126, trees=126, seconds=6.9
P_excess_b_t48h outer2 inner0: best=24, contribution_rmse=0.00585551
P_excess_b_t48h outer2 inner1: best=13, contribution_rmse=0.00695419
P_excess_b_t48h outer2 inner3: best=7, contribution_rmse=0.00562774
P_excess_b_t48h outer2 inner4: best=465, contribution_rmse=0.01109321
P_excess_b_t48h outer2: refit=127, trees=127, seconds=7.7
P_anchor_a_t48h outer3 inner0: best=39, contribution_rmse=0.00333057
P_anchor_a_t48h outer3 inner1: best=340, contribution_rmse=0.00480596
P_anchor_a_t48h outer3 inner2: best=305, contribution_rmse=0.00490377
P_anchor_a_t48h outer3 inner4: best=8, contribution_rmse=0.00308657
P_anchor_a_t48h outer3: refit=173, trees=173, seconds=8.5
P_excess_b_t48h outer3 inner0: best=244, contribution_rmse=0.00582214
P_excess_b_t48h outer3 inner1: best=21, contribution_rmse=0.00700486
P_excess_b_t48h outer3 inner2: best=410, contribution_rmse=0.02074911
P_excess_b_t48h outer3 inner4: best=204, contribution_rmse=0.01102266
P_excess_b_t48h outer3: refit=219, trees=219, seconds=11.1
P_anchor_a_t48h outer4 inner0: best=67, contribution_rmse=0.00389621
P_anchor_a_t48h outer4 inner1: best=38, contribution_rmse=0.00502450
P_anchor_a_t48h outer4 inner2: best=30, contribution_rmse=0.00580356
P_anchor_a_t48h outer4 inner3: best=16, contribution_rmse=0.00527854
P_anchor_a_t48h outer4: refit=37, trees=37, seconds=4.6
P_excess_b_t48h outer4 inner0: best=24, contribution_rmse=0.00698713
P_excess_b_t48h outer4 inner1: best=23, contribution_rmse=0.00703505
P_excess_b_t48h outer4 inner2: best=636, contribution_rmse=0.02308734
P_excess_b_t48h outer4 inner3: best=24, contribution_rmse=0.00533296
P_excess_b_t48h outer4: refit=176, trees=176, seconds=9.1
All 150 fits completed; 30 outer models and three single-source P reconstructions saved
