P_anchor_a_t06h outer0 inner1: best=85, contribution_rmse=0.00980726
P_anchor_a_t06h outer0 inner2: best=120, contribution_rmse=0.01090554
P_anchor_a_t06h outer0 inner3: best=96, contribution_rmse=0.00759723
P_anchor_a_t06h outer0 inner4: best=31, contribution_rmse=0.00903745
P_anchor_a_t06h outer0: refit=83, trees=83, seconds=8.0
P_excess_b_t06h outer0 inner1: best=67, contribution_rmse=0.00671367
P_excess_b_t06h outer0 inner2: best=54, contribution_rmse=0.00864605
P_excess_b_t06h outer0 inner3: best=364, contribution_rmse=0.01399043
P_excess_b_t06h outer0 inner4: best=620, contribution_rmse=0.01987616
P_excess_b_t06h outer0: refit=276, trees=276, seconds=18.8
P_anchor_a_t06h outer1 inner0: best=204, contribution_rmse=0.00946826
P_anchor_a_t06h outer1 inner2: best=55, contribution_rmse=0.01108497
P_anchor_a_t06h outer1 inner3: best=212, contribution_rmse=0.00705024
P_anchor_a_t06h outer1 inner4: best=23, contribution_rmse=0.01013842
P_anchor_a_t06h outer1: refit=123, trees=123, seconds=9.9
P_excess_b_t06h outer1 inner0: best=269, contribution_rmse=0.01464522
P_excess_b_t06h outer1 inner2: best=168, contribution_rmse=0.00887365
P_excess_b_t06h outer1 inner3: best=28, contribution_rmse=0.01438751
P_excess_b_t06h outer1 inner4: best=297, contribution_rmse=0.01772576
P_excess_b_t06h outer1: refit=190, trees=190, seconds=14.1
P_anchor_a_t06h outer2 inner0: best=157, contribution_rmse=0.01157598
P_anchor_a_t06h outer2 inner1: best=75, contribution_rmse=0.01003030
P_anchor_a_t06h outer2 inner3: best=134, contribution_rmse=0.00742235
P_anchor_a_t06h outer2 inner4: best=27, contribution_rmse=0.00924326
P_anchor_a_t06h outer2: refit=98, trees=98, seconds=9.2
P_excess_b_t06h outer2 inner0: best=462, contribution_rmse=0.01412633
P_excess_b_t06h outer2 inner1: best=10, contribution_rmse=0.00680871
P_excess_b_t06h outer2 inner3: best=166, contribution_rmse=0.01422148
P_excess_b_t06h outer2 inner4: best=432, contribution_rmse=0.01790055
P_excess_b_t06h outer2: refit=267, trees=267, seconds=19.5
P_anchor_a_t06h outer3 inner0: best=222, contribution_rmse=0.00844739
P_anchor_a_t06h outer3 inner1: best=278, contribution_rmse=0.00909631
P_anchor_a_t06h outer3 inner2: best=90, contribution_rmse=0.00929920
P_anchor_a_t06h outer3 inner4: best=41, contribution_rmse=0.00852201
P_anchor_a_t06h outer3: refit=157, trees=157, seconds=12.2
P_excess_b_t06h outer3 inner0: best=339, contribution_rmse=0.01411491
P_excess_b_t06h outer3 inner1: best=7, contribution_rmse=0.00701266
P_excess_b_t06h outer3 inner2: best=36, contribution_rmse=0.00904078
P_excess_b_t06h outer3 inner4: best=454, contribution_rmse=0.01850868
P_excess_b_t06h outer3: refit=209, trees=209, seconds=17.1
P_anchor_a_t06h outer4 inner0: best=985, contribution_rmse=0.00709966
P_anchor_a_t06h outer4 inner1: best=52, contribution_rmse=0.00950489
P_anchor_a_t06h outer4 inner2: best=145, contribution_rmse=0.00894419
P_anchor_a_t06h outer4 inner3: best=142, contribution_rmse=0.00757159
P_anchor_a_t06h outer4: refit=331, trees=331, seconds=20.6
P_excess_b_t06h outer4 inner0: best=125, contribution_rmse=0.01445768
P_excess_b_t06h outer4 inner1: best=6, contribution_rmse=0.00702485
P_excess_b_t06h outer4 inner2: best=10, contribution_rmse=0.00907154
P_excess_b_t06h outer4 inner3: best=192, contribution_rmse=0.01434609
P_excess_b_t06h outer4: refit=83, trees=83, seconds=9.2
All 50 fits completed; 10 outer models and one P6 reconstruction saved
